{
  queryFieldWithInclude: [
    {
      includeNonQueryableB: {
        id: Guid_1
      }
    }
  ]
}